// Jest Snapshot v1, https://goo.gl/fbAQLP

exports[`<MuiTypography /> snapshot 1`] = `
<p
  className="MuiTypography-root makeStyles-root-3 MuiTypography-body1"
>
  <div />
</p>
`;
