// Jest Snapshot v1, https://goo.gl/fbAQLP

exports[`<MuiCard /> snapshot 1`] = `
<div
  className="MuiGrid-root makeStyles-root-3"
  raised="false"
>
  <div />
</div>
`;
