// Jest Snapshot v1, https://goo.gl/fbAQLP

exports[`<MuiExpansionPanelSummary /> snapshot 1`] = `<div />`;
