// Jest Snapshot v1, https://goo.gl/fbAQLP

exports[`<MuiListItemIcon /> snapshot 1`] = `
<div
  className="MuiListItemIcon-root makeStyles-root-3"
>
  <div />
</div>
`;
