// Jest Snapshot v1, https://goo.gl/fbAQLP

exports[`<MuiCardMedia /> snapshot 1`] = `
<div
  alt="alt"
  className="MuiCardMedia-root makeStyles-root-3"
  style={
    Object {
      "backgroundImage": "url(\\"img.com\\")",
    }
  }
  title="title"
/>
`;
