// Jest Snapshot v1, https://goo.gl/fbAQLP

exports[`<MuiExpansionPanelDetails /> snapshot 1`] = `
<div
  className="MuiExpansionPanelDetails-root makeStyles-root-3"
>
  <div />
</div>
`;
