// Jest Snapshot v1, https://goo.gl/fbAQLP

exports[`<MuiDialogContent /> snapshot 1`] = `
<div
  className="MuiDialogContent-root makeStyles-root-3"
>
  <p
    className="MuiTypography-root makeStyles-root-6 MuiTypography-body1"
  >
    text
  </p>
</div>
`;
