// Jest Snapshot v1, https://goo.gl/fbAQLP

exports[`<MuiButtonDialog /> snapshot 1`] = `<div />`;
