// Jest Snapshot v1, https://goo.gl/fbAQLP

exports[`<MuiDialog /> snapshot 1`] = `null`;
