// Jest Snapshot v1, https://goo.gl/fbAQLP

exports[`<MuiGridItem /> snapshot 1`] = `
<div
  className="MuiGrid-root makeStyles-root-3 MuiGrid-container MuiGrid-spacing-xs-2 MuiGrid-item MuiGrid-align-items-xs-center MuiGrid-justify-xs-center"
>
  <span
    aria-hidden={true}
    className="material-icons MuiIcon-root makeStyles-root-107 MuiIcon-colorSecondary"
  >
    android
  </span>
  <button
    className="MuiButtonBase-root MuiButton-root MuiButton-text makeStyles-root-117 MuiButton-textSecondary MuiButton-fullWidth"
    disabled={false}
    onBlur={[Function]}
    onClick={[Function]}
    onDragLeave={[Function]}
    onFocus={[Function]}
    onKeyDown={[Function]}
    onKeyUp={[Function]}
    onMouseDown={[Function]}
    onMouseLeave={[Function]}
    onMouseUp={[Function]}
    onTouchEnd={[Function]}
    onTouchMove={[Function]}
    onTouchStart={[Function]}
    tabIndex={0}
    type="button"
  >
    <span
      className="MuiButton-label"
    >
      buttonText
    </span>
  </button>
  <div
    className="MuiGrid-root makeStyles-root-150"
    raised="false"
  >
    <div
      alt="alt"
      className="MuiCardMedia-root makeStyles-root-151"
      style={
        Object {
          "backgroundImage": "url(\\"img.com\\")",
        }
      }
      title="title"
    />
  </div>
  <p
    className="MuiTypography-root makeStyles-root-155 MuiTypography-body1"
  >
    text
  </p>
  <div />
  <div
    className="MuiPaper-root MuiExpansionPanel-root makeStyles-root-187 MuiExpansionPanel-rounded MuiPaper-elevation1 MuiPaper-rounded"
  >
    <div
      aria-disabled={false}
      aria-expanded={false}
      className="MuiButtonBase-root MuiExpansionPanelSummary-root makeStyles-root-220"
      onBlur={[Function]}
      onClick={[Function]}
      onDragLeave={[Function]}
      onFocus={[Function]}
      onKeyDown={[Function]}
      onKeyUp={[Function]}
      onMouseDown={[Function]}
      onMouseLeave={[Function]}
      onMouseUp={[Function]}
      onTouchEnd={[Function]}
      onTouchMove={[Function]}
      onTouchStart={[Function]}
      role="button"
      tabIndex={0}
    >
      <div
        className="MuiExpansionPanelSummary-content"
      >
        <span
          aria-hidden={true}
          className="material-icons MuiIcon-root makeStyles-root-227 MuiIcon-colorSecondary"
        >
          android
        </span>
      </div>
      <div
        aria-disabled={false}
        aria-hidden={true}
        className="MuiButtonBase-root MuiIconButton-root MuiExpansionPanelSummary-expandIcon MuiIconButton-edgeEnd"
        onBlur={[Function]}
        onDragLeave={[Function]}
        onFocus={[Function]}
        onKeyDown={[Function]}
        onKeyUp={[Function]}
        onMouseDown={[Function]}
        onMouseLeave={[Function]}
        onMouseUp={[Function]}
        onTouchEnd={[Function]}
        onTouchMove={[Function]}
        onTouchStart={[Function]}
        role={null}
        tabIndex={null}
      >
        <span
          className="MuiIconButton-label"
        >
          <span
            aria-hidden={true}
            className="material-icons MuiIcon-root makeStyles-root-237 MuiIcon-colorSecondary"
          >
            android
          </span>
        </span>
      </div>
    </div>
    <div
      className="MuiCollapse-container MuiCollapse-hidden"
      style={
        Object {
          "minHeight": "0px",
        }
      }
    >
      <div
        className="MuiCollapse-wrapper"
      >
        <div
          className="MuiCollapse-wrapperInner"
        >
          <div
            role="region"
          >
            <div
              className="MuiExpansionPanelDetails-root makeStyles-root-243"
            >
              <p
                className="MuiTypography-root makeStyles-root-245 MuiTypography-body1"
              >
                text
              </p>
            </div>
          </div>
        </div>
      </div>
    </div>
  </div>
</div>
`;
